=================================================================
 SolRatio v4.2.1 — Motore bifacial_radiance
=================================================================
  Input   : /home/utente/SolRatio_public/progetti/Sample/SolRatio_progetto.xlsm
  Progetto: /home/utente/SolRatio_public/progetti/Sample
  Output  : /home/utente/SolRatio_public/progetti/Sample/risultati_Sample.xlsx

1. Lettura parametri Excel...
   Lat=45.3 Lon=9.34  Pitch=5.0m  W=2.38m
   H_min_terra=2.1m  -> H_mozzo=3.131m
   GCR=0.476  beta_max=60.0°  backtracking=ON
   Asse tracker: N-S (azimut=180°)
   SANU=0.5m/lato  -> SAU=4.00m (80% pitch)
   Terreno: pianeggiante
   N_punti=51  N_ext=3 (8 pannelli)
   Albedo terreno: 0.23
   Effetto bordo: N_file=109  L_tracker=144.1m  SAU_esterna=13166m²

   Self-test: PASS (7/7 - VF range/simmetria/monotonia, shadow sotto/proiettata/direzionalita/notte)

2. Preparazione dati meteo (PVGIS → EPW)...
  TMY mese-per-mese:
    Jan: anno 2006 (GHI=42870 Wh/m², mediana=42870)
    Feb: anno 2018 (GHI=61211 Wh/m², mediana=61211)
    Mar: anno 2006 (GHI=118024 Wh/m², mediana=118024)
    Apr: anno 2018 (GHI=156961 Wh/m², mediana=156961)
    May: anno 2006 (GHI=190462 Wh/m², mediana=190462)
    Jun: anno 2013 (GHI=211235 Wh/m², mediana=211235)
    Jul: anno 2008 (GHI=222733 Wh/m², mediana=222733)
    Aug: anno 2018 (GHI=191008 Wh/m², mediana=191008)
    Sep: anno 2020 (GHI=136272 Wh/m², mediana=136272)
    Oct: anno 2008 (GHI=81307 Wh/m², mediana=81307)
    Nov: anno 2008 (GHI=43520 Wh/m², mediana=43520)
    Dec: anno 2012 (GHI=35316 Wh/m², mediana=35316)
  GHI TMY composito: 1490922 Wh/m²
  EPW generato: /home/utente/SolRatio_public/progetti/Sample/PVGIS_45.3000_9.3400_TMY.epw

3. Simulazione bifacial_radiance (anno intero)...
  === SolRatio v4.2.1 — Motore bifacial_radiance ===
  Cache scene: 0 hit-set in /home/utente/SolRatio_public/progetti/Sample/.cache/scenes (0.0MB)
  Work dir: /tmp/sr_v4_rghzkqdz
path = /tmp/sr_v4_rghzkqdz
Making path: images
Making path: objects
Making path: results
Making path: skies
Making path: EPWs
Making path: materials
8760 line in WeatherFile. Assuming this is a standard hourly WeatherFile for the year for purposes of saving Gencumulativesky temporary weather files in EPW folder.
Saving file EPWs/metdata_temp.csv, # points: 8760
Calculating Sun position for Metdata that is right-labeled  with a delta of -30 mins. i.e. 12 is 11:30 sunpos
Loading albedo, 1 value(s), 0.230 avg
1 nonzero albedo values.
  GHI annuo EPW: 1490925 Wh/m² (1491 kWh/m²)
  ⚠ AVVISO scena ridotta: n_rows=4 (n_ext=1). Le file insufficienti sotto-stimano l'effetto inter-row → la radiazione al pitch centrale può essere sovra-stimata di +1-5% rispetto al limite "campo grande". Raccomandato: n_ext >= 3 (n_rows >= 7) per uso routine, n_ext >= 4 (n_rows >= 9) per benchmark/pubblicazione.

Module Name: sr_module
Module sr_module updated in module.json
  Hub height: 3.131m
  Scena: 4 file (n_ext=1), modulo 30m x 2.38m
  MODE: backtracking
  Ore diurne: 3919 (sole > 2°, GHI > 20 W/m²)
  Profili bordo: 0 edge + 1 outer (strip=25.0m)
  rtrace: -ab 1 -ad 1024 -as 128 -oovs
  Pre-generazione scene...
  3854 scene uniche
  Cache scene: DISATTIVATA — 3854 theta unici > soglia 200. Pre-compile sarebbe più lento del beneficio. Uso flusso legacy.
  Preparazione sky file...
  3919 ore da simulare
  Workers: 25 (CPU: 32)
    [200/3919 5%] 200 ok, 0 err | 0.0min, ETA 0.3min
    [400/3919 10%] 400 ok, 0 err | 0.0min, ETA 0.2min
    [600/3919 15%] 600 ok, 0 err | 0.0min, ETA 0.2min
    [800/3919 20%] 800 ok, 0 err | 0.1min, ETA 0.2min
    [1000/3919 26%] 1000 ok, 0 err | 0.1min, ETA 0.2min
    [1200/3919 31%] 1200 ok, 0 err | 0.1min, ETA 0.2min
    [1400/3919 36%] 1400 ok, 0 err | 0.1min, ETA 0.2min
    [1600/3919 41%] 1600 ok, 0 err | 0.1min, ETA 0.2min
    [1800/3919 46%] 1800 ok, 0 err | 0.1min, ETA 0.1min
    [2000/3919 51%] 2000 ok, 0 err | 0.1min, ETA 0.1min
    [2200/3919 56%] 2200 ok, 0 err | 0.1min, ETA 0.1min
    [2400/3919 61%] 2400 ok, 0 err | 0.2min, ETA 0.1min
    [2600/3919 66%] 2600 ok, 0 err | 0.2min, ETA 0.1min
    [2800/3919 71%] 2800 ok, 0 err | 0.2min, ETA 0.1min
    [3000/3919 77%] 3000 ok, 0 err | 0.2min, ETA 0.1min
    [3200/3919 82%] 3200 ok, 0 err | 0.2min, ETA 0.0min
    [3400/3919 87%] 3400 ok, 0 err | 0.2min, ETA 0.0min
    [3600/3919 92%] 3600 ok, 0 err | 0.2min, ETA 0.0min
    [3800/3919 97%] 3800 ok, 0 err | 0.2min, ETA 0.0min
    [3919/3919 100%] 3919 ok, 0 err | 0.3min, ETA 0.0min

  Completato in 0.3 minuti
  Ore simulate: 3919/3919 (0 errori)
  Profili estratti: ['outer']

  Simulazione cielo aperto (riferimento, no pannelli)...
  Cielo aperto: 3919/3919 ore in 5s
  IRR open-sky medio: 376.0 W/m²  (GHI medio diurno: 366.4 W/m²)
  Irradianza media al suolo: 1013694 Wh/m²
  Trasmissione media: 68.0%

4. Post-processing (DLI, percentili, resa colturale)...
   Ore EPW: 4264
   PAR_FRAC medio diurno: 0.456
   Riferimento open-sky BR: 3919 ore
   365 giorni elaborati
   DLI cielo aperto medio annuo: 29.8 mol/m²/d

5. Calcolo percentili mensili (P10/P50/P90)...

   Mese    DLI_rif P50  Sotto P50  Bordo P50  Centr P50    SAU P50  Media P50
   --------------------------------------------------------------------------
   Gen            10.2        6.1        6.4        7.5        7.1        6.9
   Feb            16.2       10.9       10.2       11.5       11.1       11.0
   Mar            27.7       17.5       16.7       20.7       19.4       19.0
   Apr            38.1       23.5       24.3       28.1       26.8       26.1
   Mag            44.9       27.8       28.8       32.6       31.3       30.6
   Giu            51.1       32.0       32.1       38.0       36.0       35.2
   Lug            52.2       33.0       33.8       38.6       36.9       36.1
   Ago            44.7       27.2       29.0       33.3       31.9       30.9
   Set            33.2       21.6       21.4       24.2       23.3       22.9
   Ott            19.3       12.3       13.1       13.7       13.4       13.2
   Nov            10.7        6.4        7.0        7.6        7.4        7.2
   Dic             8.4        5.2        5.3        6.0        5.7        5.6

6. Scrittura risultati in Excel...
   AVVISO: risultati_template.xlsx non trovato.
   Creo workbook senza formattazione.
  Foglio Parametri aggiornato.
  Foglio PAR_DLI_Profilo scritto (tab 1-4, grafici da template).
  Foglio Profilo_PAR_Spaziale scritto.
  Foglio DLI_Percentili scritto.
  Foglio Heatmap_PAR scritto.

7. Calcolo curve di resa colturale (Laub et al. 2022)...
  Foglio Resa_Colturale scritto.

   Coltura                   K_agv SAU%  K_agv Centr%  Coltiv>80%   (media Mar-Set)
   ---------------------------------------------------------------------------
   Bacche                        115.0%        115.1%        100%
   Frutta                        114.2%        114.5%        100%
   Ortaggi da frutto             105.8%        107.0%        100%
   Foraggere                      98.9%        100.6%        100%
   Ortaggi da foglia              95.1%         97.8%        100%
   Tuberi/radici                  89.9%         92.9%         97%
   Cereali C3                     84.1%         87.6%         71%
   Leguminose granella            66.5%         72.1%         10%
   Mais (C4)                      60.5%         66.0%          1%

8. Calcolo effetto bordo (BR ray-tracing)...
   Profilo bordo k=0: DLI_SAU medio=29.4
   Fascia esterna: strip=25.0m, area=7204m²
  CSV PVGIS trovato: /home/utente/SolRatio_public/progetti/Sample/PVGIS_45.3000_9.3400_2005_2023.csv
  Caricamento dati... 166,536 ore caricate.
  Calcolo posizione solare (pvlib Reda & Andreas 2004)... OK (166,536 timestep, backtracking=ON, axis_az=180 deg).
  Foglio Effetto_Bordo scritto.
  Foglio Resa_Colturale aggiornato con K_agv impianto.

   Coltura                   K_agv inf%  K_agv imp%     FC      dK%   (media Mar-Set)
   --------------------------------------------------------------------
   Bacche                        115.0%      113.5% 0.987    -1.5%
   Frutta                        114.2%      112.9% 0.988    -1.3%
   Ortaggi da frutto             105.8%      105.7% 0.999    -0.1%
   Foraggere                      98.9%       99.8% 1.009    +0.9%
   Ortaggi da foglia              95.1%       96.7% 1.016    +1.5%
   Tuberi/radici                  89.9%       92.2% 1.025    +2.3%
   Cereali C3                     84.1%       87.2% 1.037    +3.1%
   Leguminose granella            66.5%       72.3% 1.087    +5.8%
   Mais (C4)                      60.5%       67.1% 1.108    +6.5%

  Foglio Riepilogo scritto.
   File salvato: /home/utente/SolRatio_public/progetti/Sample/risultati_Sample.xlsx
   Titoli assi grafici aggiornati.
9. Generazione report PDF...
   Report PDF salvato: /home/utente/SolRatio_public/progetti/Sample/report_SolRatio_Sample.pdf

Riepilogo annuo (DLI medio giornaliero):
  Media pitch -- P10=--  P50=20.4  P90=-- mol/m²/d
    (P10/P90 = "--": TMY mono-anno, percentili interannuali in v4.2)
  SAU (pitch-2x0.5m) -- P50=20.9 mol/m²/d
  TMY composito (anno scelto per ogni mese):
    Jan=2006, Feb=2018, Mar=2006, Apr=2018, May=2006, Jun=2013
    Jul=2008, Aug=2018, Sep=2020, Oct=2008, Nov=2008, Dec=2012
  Ore simulate BR: 3919
  GHI annuo: 1490925 Wh/m²
  Irradianza media sotto pannelli: 1013694 Wh/m²

Completato.
   Sentinella creata: /home/utente/SolRatio_public/progetti/Sample/.br_done
